# Logfile created on 2017-09-27 15:08:19 -0400 by logger.rb/56815
